// Jest Snapshot v1, https://goo.gl/fbAQLP

exports[`App has a valid snapshot 1`] = `
<div
  className="page"
>
  <div
    className="interactions"
  >
    <form
      onSubmit={[Function]}
    >
      <input
        onChange={[Function]}
        type="text"
        value="redux"
      />
      <input
        type="submit"
        value="Search"
      />
    </form>
  </div>
  <div
    className="table"
  />
  <button
    className=""
    onClick={[Function]}
    type="button"
  >
    More
  </button>
</div>
`;

exports[`Button has a valid snapshot 1`] = `
<button
  className=""
  onClick={undefined}
  type="button"
>
  Give Me More
</button>
`;

exports[`Search has a valid snapshot 1`] = `
<form
  onSubmit={undefined}
>
  <input
    onChange={undefined}
    type="text"
    value={undefined}
  />
  <input
    type="submit"
    value="Search"
  />
</form>
`;

exports[`Table has a valid snapshot 1`] = `
<div
  className="table"
>
  <div
    className="table-row"
  >
    <span
      style={
        Object {
          "width": "40%",
        }
      }
    >
      <a
        href={undefined}
      >
        1
      </a>
    </span>
    <span
      style={
        Object {
          "width": "30%",
        }
      }
    >
      1
    </span>
    <span
      style={
        Object {
          "width": "10%",
        }
      }
    >
      1
    </span>
    <span
      style={
        Object {
          "width": "10%",
        }
      }
    >
      2
    </span>
    <span
      style={
        Object {
          "width": "10%",
        }
      }
    >
      <button
        className="button-inline"
        onClick={[Function]}
        type="button"
      >
        Dismiss
      </button>
    </span>
  </div>
  <div
    className="table-row"
  >
    <span
      style={
        Object {
          "width": "40%",
        }
      }
    >
      <a
        href={undefined}
      >
        2
      </a>
    </span>
    <span
      style={
        Object {
          "width": "30%",
        }
      }
    >
      2
    </span>
    <span
      style={
        Object {
          "width": "10%",
        }
      }
    >
      2
    </span>
    <span
      style={
        Object {
          "width": "10%",
        }
      }
    >
      2
    </span>
    <span
      style={
        Object {
          "width": "10%",
        }
      }
    >
      <button
        className="button-inline"
        onClick={[Function]}
        type="button"
      >
        Dismiss
      </button>
    </span>
  </div>
</div>
`;
